/home/vmsowoya/tools/quast-5.3.0/quast.py contigs.fasta -o quast_output

Version: 5.3.0, c3eb988a

System information:
  OS: Linux-6.6.87.2-microsoft-standard-WSL2-x86_64-with-debian-trixie-sid (linux_64)
  Python version: 3.7.8
  CPUs number: 12

Started: 2026-07-10 23:14:13

Logging to /home/vmsowoya/HIV_characterisation/assembly/iva_output/quast_output/quast.log
NOTICE: Maximum number of threads is set to 3 (use --threads option to set it manually)

CWD: /home/vmsowoya/HIV_characterisation/assembly/iva_output
Main parameters: 
  MODE: default, threads: 3, min contig length: 500, min alignment length: 65, min alignment IDY: 95.0, \
  ambiguity: one, min local misassembly length: 200, min extensive misassembly length: 1000

Contigs:
  Pre-processing...
  contigs.fasta ==> contigs

2026-07-10 23:14:14
Running Basic statistics processor...
  Contig files: 
    contigs
  Calculating N50 and L50...
    contigs, N50 = 2167, L50 = 2, auN = 4282.1, Total length = 18936, GC % = 46.55, # N's per 100 kbp =  0.00
  Drawing Nx plot...
    saved to /home/vmsowoya/HIV_characterisation/assembly/iva_output/quast_output/basic_stats/Nx_plot.pdf
  Drawing cumulative plot...
    saved to /home/vmsowoya/HIV_characterisation/assembly/iva_output/quast_output/basic_stats/cumulative_plot.pdf
  Drawing GC content plot...
    saved to /home/vmsowoya/HIV_characterisation/assembly/iva_output/quast_output/basic_stats/GC_content_plot.pdf
  Drawing contigs GC content plot...
    saved to /home/vmsowoya/HIV_characterisation/assembly/iva_output/quast_output/basic_stats/contigs_GC_content_plot.pdf
Done.

NOTICE: Genes are not predicted by default. Use --gene-finding or --glimmer option to enable it.

2026-07-10 23:14:14
Creating large visual summaries...
This may take a while: press Ctrl-C to skip this step..
  1 of 2: Creating PDF with all tables and plots...
  2 of 2: Creating Icarus viewers...
Done

2026-07-10 23:14:15
RESULTS:
  Text versions of total report are saved to /home/vmsowoya/HIV_characterisation/assembly/iva_output/quast_output/report.txt, report.tsv, and report.tex
  Text versions of transposed total report are saved to /home/vmsowoya/HIV_characterisation/assembly/iva_output/quast_output/transposed_report.txt, transposed_report.tsv, and transposed_report.tex
  HTML version (interactive tables and plots) is saved to /home/vmsowoya/HIV_characterisation/assembly/iva_output/quast_output/report.html
  PDF version (tables and plots) is saved to /home/vmsowoya/HIV_characterisation/assembly/iva_output/quast_output/report.pdf
  Icarus (contig browser) is saved to /home/vmsowoya/HIV_characterisation/assembly/iva_output/quast_output/icarus.html
  Log is saved to /home/vmsowoya/HIV_characterisation/assembly/iva_output/quast_output/quast.log

Finished: 2026-07-10 23:14:15
Elapsed time: 0:00:02.049232
NOTICEs: 2; WARNINGs: 1; non-fatal ERRORs: 0

Thank you for using QUAST!
